../Core/Src/stm32f1xx_hal_msp.c:64:6:HAL_MspInit	8	static
../Core/Src/stm32f1xx_hal_msp.c:90:6:HAL_ADC_MspInit	32	static
../Core/Src/stm32f1xx_hal_msp.c:122:6:HAL_ADC_MspDeInit	0	static
../Core/Src/stm32f1xx_hal_msp.c:150:6:HAL_CAN_MspInit	32	static
../Core/Src/stm32f1xx_hal_msp.c:192:6:HAL_CAN_MspDeInit	8	static
../Core/Src/stm32f1xx_hal_msp.c:223:6:HAL_I2C_MspInit	32	static
../Core/Src/stm32f1xx_hal_msp.c:257:6:HAL_I2C_MspDeInit	8	static
../Core/Src/stm32f1xx_hal_msp.c:288:6:HAL_UART_MspInit	40	static
../Core/Src/stm32f1xx_hal_msp.c:354:6:HAL_UART_MspDeInit	0	static
